#-----------------------------------------------------------
# Vivado v2018.3 (64-bit)
# SW Build 2405991 on Thu Dec  6 23:38:27 MST 2018
# IP Build 2404404 on Fri Dec  7 01:43:56 MST 2018
# Start of session at: Sat Oct 25 22:40:42 2025
# Process ID: 27780
# Current directory: F:/FPGA/work_space/AD_DA_tran
# Command line: vivado.exe -gui_launcher_event rodinguilauncherevent4256 F:\FPGA\work_space\AD_DA_tran\AD_DA_tran.xpr
# Log file: F:/FPGA/work_space/AD_DA_tran/vivado.log
# Journal file: F:/FPGA/work_space/AD_DA_tran\vivado.jou
#-----------------------------------------------------------
start_gui
open_project F:/FPGA/work_space/AD_DA_tran/AD_DA_tran.xpr
update_compile_order -fileset sources_1
set_property -dict [list CONFIG.C_EN_STRG_QUAL {1} CONFIG.C_ADV_TRIGGER {true} CONFIG.C_PROBE7_MU_CNT {2} CONFIG.C_PROBE6_MU_CNT {2} CONFIG.C_PROBE5_MU_CNT {2} CONFIG.C_PROBE4_MU_CNT {2} CONFIG.C_PROBE3_MU_CNT {2} CONFIG.C_PROBE2_MU_CNT {2} CONFIG.C_PROBE1_MU_CNT {2} CONFIG.C_PROBE0_MU_CNT {2} CONFIG.ALL_PROBE_SAME_MU_CNT {2}] [get_ips ila_2]
generate_target all [get_files  F:/FPGA/work_space/AD_DA_tran/AD_DA_tran.srcs/sources_1/ip/ila_2/ila_2.xci]
catch { config_ip_cache -export [get_ips -all ila_2] }
export_ip_user_files -of_objects [get_files F:/FPGA/work_space/AD_DA_tran/AD_DA_tran.srcs/sources_1/ip/ila_2/ila_2.xci] -no_script -sync -force -quiet
reset_run ila_2_synth_1
launch_runs -jobs 12 ila_2_synth_1
wait_on_run ila_2_synth_1
export_simulation -of_objects [get_files F:/FPGA/work_space/AD_DA_tran/AD_DA_tran.srcs/sources_1/ip/ila_2/ila_2.xci] -directory F:/FPGA/work_space/AD_DA_tran/AD_DA_tran.ip_user_files/sim_scripts -ip_user_files_dir F:/FPGA/work_space/AD_DA_tran/AD_DA_tran.ip_user_files -ipstatic_source_dir F:/FPGA/work_space/AD_DA_tran/AD_DA_tran.ip_user_files/ipstatic -lib_map_path [list {modelsim=F:/FPGA/work_space/AD_DA_tran/AD_DA_tran.cache/compile_simlib/modelsim} {questa=F:/FPGA/work_space/AD_DA_tran/AD_DA_tran.cache/compile_simlib/questa} {riviera=F:/FPGA/work_space/AD_DA_tran/AD_DA_tran.cache/compile_simlib/riviera} {activehdl=F:/FPGA/work_space/AD_DA_tran/AD_DA_tran.cache/compile_simlib/activehdl}] -use_ip_compiled_libs -force -quiet
reset_run synth_1
launch_runs impl_1 -to_step write_bitstream -jobs 12
wait_on_run impl_1
open_hw
connect_hw_server
open_hw_target
set_property PROGRAM.FILE {F:/FPGA/work_space/AD_DA_tran/AD_DA_tran.runs/impl_1/FIFO_to_FFT.bit} [get_hw_devices xc7z020_1]
set_property PROBES.FILE {F:/FPGA/work_space/AD_DA_tran/AD_DA_tran.runs/impl_1/FIFO_to_FFT.ltx} [get_hw_devices xc7z020_1]
set_property FULL_PROBES.FILE {F:/FPGA/work_space/AD_DA_tran/AD_DA_tran.runs/impl_1/FIFO_to_FFT.ltx} [get_hw_devices xc7z020_1]
current_hw_device [get_hw_devices xc7z020_1]
refresh_hw_device [lindex [get_hw_devices xc7z020_1] 0]
set_property PROBES.FILE {F:/FPGA/work_space/AD_DA_tran/AD_DA_tran.runs/impl_1/FIFO_to_FFT.ltx} [get_hw_devices xc7z020_1]
set_property FULL_PROBES.FILE {F:/FPGA/work_space/AD_DA_tran/AD_DA_tran.runs/impl_1/FIFO_to_FFT.ltx} [get_hw_devices xc7z020_1]
set_property PROGRAM.FILE {F:/FPGA/work_space/AD_DA_tran/AD_DA_tran.runs/impl_1/FIFO_to_FFT.bit} [get_hw_devices xc7z020_1]
program_hw_devices [get_hw_devices xc7z020_1]
refresh_hw_device [lindex [get_hw_devices xc7z020_1] 0]
display_hw_ila_data [ get_hw_ila_data hw_ila_data_1 -of_objects [get_hw_ilas -of_objects [get_hw_devices xc7z020_1] -filter {CELL_NAME=~"u_ila_2"}]]
startgroup 
set_property CONTROL.DATA_DEPTH 8192 [get_hw_ilas -of_objects [get_hw_devices xc7z020_1] -filter {CELL_NAME=~"u_ila_2"}]
set_property CONTROL.WINDOW_COUNT 5 [get_hw_ilas -of_objects [get_hw_devices xc7z020_1] -filter {CELL_NAME=~"u_ila_2"}]
endgroup
run_hw_ila [get_hw_ilas -of_objects [get_hw_devices xc7z020_1] -filter {CELL_NAME=~"u_ila_2"}]
wait_on_hw_ila [get_hw_ilas -of_objects [get_hw_devices xc7z020_1] -filter {CELL_NAME=~"u_ila_2"}]
display_hw_ila_data [upload_hw_ila_data [get_hw_ilas -of_objects [get_hw_devices xc7z020_1] -filter {CELL_NAME=~"u_ila_2"}]]
set_property CONTROL.TRIGGER_MODE ADVANCED_ONLY [get_hw_ilas -of_objects [get_hw_devices xc7z020_1] -filter {CELL_NAME=~"u_ila_2"}]
set_property CONTROL.TRIGGER_MODE BASIC_ONLY [get_hw_ilas -of_objects [get_hw_devices xc7z020_1] -filter {CELL_NAME=~"u_ila_2"}]
set_property CONTROL.CAPTURE_MODE BASIC [get_hw_ilas -of_objects [get_hw_devices xc7z020_1] -filter {CELL_NAME=~"u_ila_2"}]
set_property CAPTURE_COMPARE_VALUE eq1'b1 [get_hw_probes m_axis_data_tvalid -of_objects [get_hw_ilas -of_objects [get_hw_devices xc7z020_1] -filter {CELL_NAME=~"u_ila_2"}]]
set_property CONTROL.WINDOW_COUNT 1 [get_hw_ilas -of_objects [get_hw_devices xc7z020_1] -filter {CELL_NAME=~"u_ila_2"}]
run_hw_ila [get_hw_ilas -of_objects [get_hw_devices xc7z020_1] -filter {CELL_NAME=~"u_ila_2"}]
wait_on_hw_ila [get_hw_ilas -of_objects [get_hw_devices xc7z020_1] -filter {CELL_NAME=~"u_ila_2"}]
display_hw_ila_data [upload_hw_ila_data [get_hw_ilas -of_objects [get_hw_devices xc7z020_1] -filter {CELL_NAME=~"u_ila_2"}]]
set_property CONTROL.DATA_DEPTH 65536 [get_hw_ilas -of_objects [get_hw_devices xc7z020_1] -filter {CELL_NAME=~"u_ila_2"}]
run_hw_ila [get_hw_ilas -of_objects [get_hw_devices xc7z020_1] -filter {CELL_NAME=~"u_ila_2"}]
wait_on_hw_ila [get_hw_ilas -of_objects [get_hw_devices xc7z020_1] -filter {CELL_NAME=~"u_ila_2"}]
display_hw_ila_data [upload_hw_ila_data [get_hw_ilas -of_objects [get_hw_devices xc7z020_1] -filter {CELL_NAME=~"u_ila_2"}]]
set_property PROBES.FILE {F:/FPGA/work_space/AD_DA_tran/AD_DA_tran.runs/impl_1/FIFO_to_FFT.ltx} [get_hw_devices xc7z020_1]
set_property FULL_PROBES.FILE {F:/FPGA/work_space/AD_DA_tran/AD_DA_tran.runs/impl_1/FIFO_to_FFT.ltx} [get_hw_devices xc7z020_1]
set_property PROGRAM.FILE {F:/FPGA/work_space/AD_DA_tran/AD_DA_tran.runs/impl_1/FIFO_to_FFT.bit} [get_hw_devices xc7z020_1]
program_hw_devices [get_hw_devices xc7z020_1]
refresh_hw_device [lindex [get_hw_devices xc7z020_1] 0]
set_property CAPTURE_COMPARE_VALUE eq1'bX [get_hw_probes m_axis_data_tvalid -of_objects [get_hw_ilas -of_objects [get_hw_devices xc7z020_1] -filter {CELL_NAME=~"u_ila_2"}]]
set_property CAPTURE_COMPARE_VALUE eq12'h001 [get_hw_probes m_axis_data_tuser -of_objects [get_hw_ilas -of_objects [get_hw_devices xc7z020_1] -filter {CELL_NAME=~"u_ila_2"}]]
set_property CAPTURE_COMPARE_VALUE eq12'u1 [get_hw_probes m_axis_data_tuser -of_objects [get_hw_ilas -of_objects [get_hw_devices xc7z020_1] -filter {CELL_NAME=~"u_ila_2"}]]
set_property CAPTURE_COMPARE_VALUE eq1'b1 [get_hw_probes m_axis_data_tvalid -of_objects [get_hw_ilas -of_objects [get_hw_devices xc7z020_1] -filter {CELL_NAME=~"u_ila_2"}]]
run_hw_ila [get_hw_ilas -of_objects [get_hw_devices xc7z020_1] -filter {CELL_NAME=~"u_ila_2"}]
set_property PROBES.FILE {F:/FPGA/work_space/AD_DA_tran/AD_DA_tran.runs/impl_1/FIFO_to_FFT.ltx} [get_hw_devices xc7z020_1]
set_property FULL_PROBES.FILE {F:/FPGA/work_space/AD_DA_tran/AD_DA_tran.runs/impl_1/FIFO_to_FFT.ltx} [get_hw_devices xc7z020_1]
set_property PROGRAM.FILE {F:/FPGA/work_space/AD_DA_tran/AD_DA_tran.runs/impl_1/FIFO_to_FFT.bit} [get_hw_devices xc7z020_1]
program_hw_devices [get_hw_devices xc7z020_1]
refresh_hw_device [lindex [get_hw_devices xc7z020_1] 0]
run_hw_ila [get_hw_ilas -of_objects [get_hw_devices xc7z020_1] -filter {CELL_NAME=~"u_ila_2"}]
set_property CAPTURE_COMPARE_VALUE eq1'bX [get_hw_probes m_axis_data_tvalid -of_objects [get_hw_ilas -of_objects [get_hw_devices xc7z020_1] -filter {CELL_NAME=~"u_ila_2"}]]
set_property CAPTURE_COMPARE_VALUE eq12'hXXX [get_hw_probes m_axis_data_tuser -of_objects [get_hw_ilas -of_objects [get_hw_devices xc7z020_1] -filter {CELL_NAME=~"u_ila_2"}]]
set_property CAPTURE_COMPARE_VALUE eq1'b1 [get_hw_probes m_axis_data_tvalid -of_objects [get_hw_ilas -of_objects [get_hw_devices xc7z020_1] -filter {CELL_NAME=~"u_ila_2"}]]
set_property PROBES.FILE {F:/FPGA/work_space/AD_DA_tran/AD_DA_tran.runs/impl_1/FIFO_to_FFT.ltx} [get_hw_devices xc7z020_1]
set_property FULL_PROBES.FILE {F:/FPGA/work_space/AD_DA_tran/AD_DA_tran.runs/impl_1/FIFO_to_FFT.ltx} [get_hw_devices xc7z020_1]
set_property PROGRAM.FILE {F:/FPGA/work_space/AD_DA_tran/AD_DA_tran.runs/impl_1/FIFO_to_FFT.bit} [get_hw_devices xc7z020_1]
program_hw_devices [get_hw_devices xc7z020_1]
refresh_hw_device [lindex [get_hw_devices xc7z020_1] 0]
run_hw_ila [get_hw_ilas -of_objects [get_hw_devices xc7z020_1] -filter {CELL_NAME=~"u_ila_2"}]
wait_on_hw_ila [get_hw_ilas -of_objects [get_hw_devices xc7z020_1] -filter {CELL_NAME=~"u_ila_2"}]
display_hw_ila_data [upload_hw_ila_data [get_hw_ilas -of_objects [get_hw_devices xc7z020_1] -filter {CELL_NAME=~"u_ila_2"}]]
set_property CAPTURE_COMPARE_VALUE eq1'bX [get_hw_probes m_axis_data_tvalid -of_objects [get_hw_ilas -of_objects [get_hw_devices xc7z020_1] -filter {CELL_NAME=~"u_ila_2"}]]
set_property CAPTURE_COMPARE_VALUE eq12'u0 [get_hw_probes m_axis_data_tuser -of_objects [get_hw_ilas -of_objects [get_hw_devices xc7z020_1] -filter {CELL_NAME=~"u_ila_2"}]]
set_property CAPTURE_COMPARE_VALUE eq12'hXXX [get_hw_probes m_axis_data_tuser -of_objects [get_hw_ilas -of_objects [get_hw_devices xc7z020_1] -filter {CELL_NAME=~"u_ila_2"}]]
set_property TRIGGER_COMPARE_VALUE eq1'bX [get_hw_probes m_axis_data_tvalid -of_objects [get_hw_ilas -of_objects [get_hw_devices xc7z020_1] -filter {CELL_NAME=~"u_ila_2"}]]
set_property TRIGGER_COMPARE_VALUE eq12'u0 [get_hw_probes m_axis_data_tuser -of_objects [get_hw_ilas -of_objects [get_hw_devices xc7z020_1] -filter {CELL_NAME=~"u_ila_2"}]]
set_property TRIGGER_COMPARE_VALUE eq12'u30 [get_hw_probes m_axis_data_tuser -of_objects [get_hw_ilas -of_objects [get_hw_devices xc7z020_1] -filter {CELL_NAME=~"u_ila_2"}]]
set_property PROBES.FILE {F:/FPGA/work_space/AD_DA_tran/AD_DA_tran.runs/impl_1/FIFO_to_FFT.ltx} [get_hw_devices xc7z020_1]
set_property FULL_PROBES.FILE {F:/FPGA/work_space/AD_DA_tran/AD_DA_tran.runs/impl_1/FIFO_to_FFT.ltx} [get_hw_devices xc7z020_1]
set_property PROGRAM.FILE {F:/FPGA/work_space/AD_DA_tran/AD_DA_tran.runs/impl_1/FIFO_to_FFT.bit} [get_hw_devices xc7z020_1]
program_hw_devices [get_hw_devices xc7z020_1]
refresh_hw_device [lindex [get_hw_devices xc7z020_1] 0]
run_hw_ila [get_hw_ilas -of_objects [get_hw_devices xc7z020_1] -filter {CELL_NAME=~"u_ila_2"}]
wait_on_hw_ila [get_hw_ilas -of_objects [get_hw_devices xc7z020_1] -filter {CELL_NAME=~"u_ila_2"}]
display_hw_ila_data [upload_hw_ila_data [get_hw_ilas -of_objects [get_hw_devices xc7z020_1] -filter {CELL_NAME=~"u_ila_2"}]]
set_property TRIGGER_COMPARE_VALUE eq12'u55 [get_hw_probes m_axis_data_tuser -of_objects [get_hw_ilas -of_objects [get_hw_devices xc7z020_1] -filter {CELL_NAME=~"u_ila_2"}]]
set_property PROBES.FILE {F:/FPGA/work_space/AD_DA_tran/AD_DA_tran.runs/impl_1/FIFO_to_FFT.ltx} [get_hw_devices xc7z020_1]
set_property FULL_PROBES.FILE {F:/FPGA/work_space/AD_DA_tran/AD_DA_tran.runs/impl_1/FIFO_to_FFT.ltx} [get_hw_devices xc7z020_1]
set_property PROGRAM.FILE {F:/FPGA/work_space/AD_DA_tran/AD_DA_tran.runs/impl_1/FIFO_to_FFT.bit} [get_hw_devices xc7z020_1]
program_hw_devices [get_hw_devices xc7z020_1]
refresh_hw_device [lindex [get_hw_devices xc7z020_1] 0]
run_hw_ila [get_hw_ilas -of_objects [get_hw_devices xc7z020_1] -filter {CELL_NAME=~"u_ila_2"}]
wait_on_hw_ila [get_hw_ilas -of_objects [get_hw_devices xc7z020_1] -filter {CELL_NAME=~"u_ila_2"}]
display_hw_ila_data [upload_hw_ila_data [get_hw_ilas -of_objects [get_hw_devices xc7z020_1] -filter {CELL_NAME=~"u_ila_2"}]]
save_wave_config {F:/FPGA/work_space/AD_DA_tran/AD_DA_tran.hw/hw_1/wave/hw_ila_data_1/hw_ila_data_1.wcfg}
close_hw
set_property -dict [list CONFIG.C_PROBE7_WIDTH {1} CONFIG.C_PROBE1_WIDTH {16} CONFIG.C_NUM_OF_PROBES {7}] [get_ips ila_2]
generate_target all [get_files  F:/FPGA/work_space/AD_DA_tran/AD_DA_tran.srcs/sources_1/ip/ila_2/ila_2.xci]
catch { config_ip_cache -export [get_ips -all ila_2] }
export_ip_user_files -of_objects [get_files F:/FPGA/work_space/AD_DA_tran/AD_DA_tran.srcs/sources_1/ip/ila_2/ila_2.xci] -no_script -sync -force -quiet
reset_run ila_2_synth_1
launch_runs -jobs 12 ila_2_synth_1
wait_on_run ila_2_synth_1
export_simulation -of_objects [get_files F:/FPGA/work_space/AD_DA_tran/AD_DA_tran.srcs/sources_1/ip/ila_2/ila_2.xci] -directory F:/FPGA/work_space/AD_DA_tran/AD_DA_tran.ip_user_files/sim_scripts -ip_user_files_dir F:/FPGA/work_space/AD_DA_tran/AD_DA_tran.ip_user_files -ipstatic_source_dir F:/FPGA/work_space/AD_DA_tran/AD_DA_tran.ip_user_files/ipstatic -lib_map_path [list {modelsim=F:/FPGA/work_space/AD_DA_tran/AD_DA_tran.cache/compile_simlib/modelsim} {questa=F:/FPGA/work_space/AD_DA_tran/AD_DA_tran.cache/compile_simlib/questa} {riviera=F:/FPGA/work_space/AD_DA_tran/AD_DA_tran.cache/compile_simlib/riviera} {activehdl=F:/FPGA/work_space/AD_DA_tran/AD_DA_tran.cache/compile_simlib/activehdl}] -use_ip_compiled_libs -force -quiet
reset_run synth_1
launch_runs impl_1 -to_step write_bitstream -jobs 12
wait_on_run impl_1
open_hw
connect_hw_server
open_hw_target
set_property PROGRAM.FILE {F:/FPGA/work_space/AD_DA_tran/AD_DA_tran.runs/impl_1/FIFO_to_FFT.bit} [get_hw_devices xc7z020_1]
set_property PROBES.FILE {F:/FPGA/work_space/AD_DA_tran/AD_DA_tran.runs/impl_1/FIFO_to_FFT.ltx} [get_hw_devices xc7z020_1]
set_property FULL_PROBES.FILE {F:/FPGA/work_space/AD_DA_tran/AD_DA_tran.runs/impl_1/FIFO_to_FFT.ltx} [get_hw_devices xc7z020_1]
current_hw_device [get_hw_devices xc7z020_1]
refresh_hw_device [lindex [get_hw_devices xc7z020_1] 0]
set_property PROBES.FILE {F:/FPGA/work_space/AD_DA_tran/AD_DA_tran.runs/impl_1/FIFO_to_FFT.ltx} [get_hw_devices xc7z020_1]
set_property FULL_PROBES.FILE {F:/FPGA/work_space/AD_DA_tran/AD_DA_tran.runs/impl_1/FIFO_to_FFT.ltx} [get_hw_devices xc7z020_1]
set_property PROGRAM.FILE {F:/FPGA/work_space/AD_DA_tran/AD_DA_tran.runs/impl_1/FIFO_to_FFT.bit} [get_hw_devices xc7z020_1]
program_hw_devices [get_hw_devices xc7z020_1]
refresh_hw_device [lindex [get_hw_devices xc7z020_1] 0]
display_hw_ila_data [ get_hw_ila_data hw_ila_data_1 -of_objects [get_hw_ilas -of_objects [get_hw_devices xc7z020_1] -filter {CELL_NAME=~"u_ila_2"}]]
set_property TRIGGER_COMPARE_VALUE eq12'hXXX [get_hw_probes m_axis_data_tuser -of_objects [get_hw_ilas -of_objects [get_hw_devices xc7z020_1] -filter {CELL_NAME=~"u_ila_2"}]]
set_property CONTROL.CAPTURE_MODE ALWAYS [get_hw_ilas -of_objects [get_hw_devices xc7z020_1] -filter {CELL_NAME=~"u_ila_2"}]
startgroup 
set_property CONTROL.DATA_DEPTH 32768 [get_hw_ilas -of_objects [get_hw_devices xc7z020_1] -filter {CELL_NAME=~"u_ila_2"}]
set_property CONTROL.WINDOW_COUNT 2 [get_hw_ilas -of_objects [get_hw_devices xc7z020_1] -filter {CELL_NAME=~"u_ila_2"}]
endgroup
set_property CONTROL.TRIGGER_MODE ADVANCED_ONLY [get_hw_ilas -of_objects [get_hw_devices xc7z020_1] -filter {CELL_NAME=~"u_ila_2"}]
set_property CONTROL.TSM_FILE F:/FPGA/work_space/AD_DA_tran/AD_DA_tran.srcs/sources_1/new/trig.tsm [get_hw_ilas -of_objects [get_hw_devices xc7z020_1] -filter {CELL_NAME=~"u_ila_2"}]
set_property CONTROL.TSM_FILE {} [get_hw_ilas -of_objects [get_hw_devices xc7z020_1] -filter {CELL_NAME=~"u_ila_2"}]
set_property CONTROL.TRIGGER_MODE BASIC_ONLY [get_hw_ilas -of_objects [get_hw_devices xc7z020_1] -filter {CELL_NAME=~"u_ila_2"}]
set_property CONTROL.CAPTURE_MODE BASIC [get_hw_ilas -of_objects [get_hw_devices xc7z020_1] -filter {CELL_NAME=~"u_ila_2"}]
set_property CONTROL.CAPTURE_MODE ALWAYS [get_hw_ilas -of_objects [get_hw_devices xc7z020_1] -filter {CELL_NAME=~"u_ila_2"}]
set_property TRIGGER_COMPARE_VALUE eq1'b1 [get_hw_probes m_axis_data_tvalid -of_objects [get_hw_ilas -of_objects [get_hw_devices xc7z020_1] -filter {CELL_NAME=~"u_ila_2"}]]
run_hw_ila [get_hw_ilas -of_objects [get_hw_devices xc7z020_1] -filter {CELL_NAME=~"u_ila_2"}]
wait_on_hw_ila [get_hw_ilas -of_objects [get_hw_devices xc7z020_1] -filter {CELL_NAME=~"u_ila_2"}]
display_hw_ila_data [upload_hw_ila_data [get_hw_ilas -of_objects [get_hw_devices xc7z020_1] -filter {CELL_NAME=~"u_ila_2"}]]
set_property CONTROL.WINDOW_COUNT 1 [get_hw_ilas -of_objects [get_hw_devices xc7z020_1] -filter {CELL_NAME=~"u_ila_2"}]
save_wave_config {F:/FPGA/work_space/AD_DA_tran/AD_DA_tran.hw/hw_1/wave/hw_ila_data_1/hw_ila_data_1.wcfg}
close_hw
set_property -dict [list CONFIG.C_PROBE5_WIDTH {12} CONFIG.C_PROBE4_WIDTH {1} CONFIG.C_PROBE3_WIDTH {12} CONFIG.C_PROBE2_WIDTH {8} CONFIG.C_PROBE1_WIDTH {8} CONFIG.C_NUM_OF_PROBES {6}] [get_ips ila_2]
generate_target all [get_files  F:/FPGA/work_space/AD_DA_tran/AD_DA_tran.srcs/sources_1/ip/ila_2/ila_2.xci]
catch { config_ip_cache -export [get_ips -all ila_2] }
export_ip_user_files -of_objects [get_files F:/FPGA/work_space/AD_DA_tran/AD_DA_tran.srcs/sources_1/ip/ila_2/ila_2.xci] -no_script -sync -force -quiet
reset_run ila_2_synth_1
launch_runs -jobs 12 ila_2_synth_1
wait_on_run ila_2_synth_1
export_simulation -of_objects [get_files F:/FPGA/work_space/AD_DA_tran/AD_DA_tran.srcs/sources_1/ip/ila_2/ila_2.xci] -directory F:/FPGA/work_space/AD_DA_tran/AD_DA_tran.ip_user_files/sim_scripts -ip_user_files_dir F:/FPGA/work_space/AD_DA_tran/AD_DA_tran.ip_user_files -ipstatic_source_dir F:/FPGA/work_space/AD_DA_tran/AD_DA_tran.ip_user_files/ipstatic -lib_map_path [list {modelsim=F:/FPGA/work_space/AD_DA_tran/AD_DA_tran.cache/compile_simlib/modelsim} {questa=F:/FPGA/work_space/AD_DA_tran/AD_DA_tran.cache/compile_simlib/questa} {riviera=F:/FPGA/work_space/AD_DA_tran/AD_DA_tran.cache/compile_simlib/riviera} {activehdl=F:/FPGA/work_space/AD_DA_tran/AD_DA_tran.cache/compile_simlib/activehdl}] -use_ip_compiled_libs -force -quiet
reset_run synth_1
launch_runs impl_1 -to_step write_bitstream -jobs 12
wait_on_run impl_1
open_hw
connect_hw_server
open_hw_target
set_property PROGRAM.FILE {F:/FPGA/work_space/AD_DA_tran/AD_DA_tran.runs/impl_1/FIFO_to_FFT.bit} [get_hw_devices xc7z020_1]
set_property PROBES.FILE {F:/FPGA/work_space/AD_DA_tran/AD_DA_tran.runs/impl_1/FIFO_to_FFT.ltx} [get_hw_devices xc7z020_1]
set_property FULL_PROBES.FILE {F:/FPGA/work_space/AD_DA_tran/AD_DA_tran.runs/impl_1/FIFO_to_FFT.ltx} [get_hw_devices xc7z020_1]
current_hw_device [get_hw_devices xc7z020_1]
refresh_hw_device [lindex [get_hw_devices xc7z020_1] 0]
set_property PROBES.FILE {F:/FPGA/work_space/AD_DA_tran/AD_DA_tran.runs/impl_1/FIFO_to_FFT.ltx} [get_hw_devices xc7z020_1]
set_property FULL_PROBES.FILE {F:/FPGA/work_space/AD_DA_tran/AD_DA_tran.runs/impl_1/FIFO_to_FFT.ltx} [get_hw_devices xc7z020_1]
set_property PROGRAM.FILE {F:/FPGA/work_space/AD_DA_tran/AD_DA_tran.runs/impl_1/FIFO_to_FFT.bit} [get_hw_devices xc7z020_1]
program_hw_devices [get_hw_devices xc7z020_1]
refresh_hw_device [lindex [get_hw_devices xc7z020_1] 0]
display_hw_ila_data [ get_hw_ila_data hw_ila_data_1 -of_objects [get_hw_ilas -of_objects [get_hw_devices xc7z020_1] -filter {CELL_NAME=~"u_ila_2"}]]
add_wave -into {hw_ila_data_1.wcfg} -radix hex { {imag_data} }
add_wave -into {hw_ila_data_1.wcfg} -radix hex { {real_data} }
run_hw_ila [get_hw_ilas -of_objects [get_hw_devices xc7z020_1] -filter {CELL_NAME=~"u_ila_2"}]
wait_on_hw_ila [get_hw_ilas -of_objects [get_hw_devices xc7z020_1] -filter {CELL_NAME=~"u_ila_2"}]
display_hw_ila_data [upload_hw_ila_data [get_hw_ilas -of_objects [get_hw_devices xc7z020_1] -filter {CELL_NAME=~"u_ila_2"}]]
set_property PROBES.FILE {F:/FPGA/work_space/AD_DA_tran/AD_DA_tran.runs/impl_1/FIFO_to_FFT.ltx} [get_hw_devices xc7z020_1]
set_property FULL_PROBES.FILE {F:/FPGA/work_space/AD_DA_tran/AD_DA_tran.runs/impl_1/FIFO_to_FFT.ltx} [get_hw_devices xc7z020_1]
set_property PROGRAM.FILE {F:/FPGA/work_space/AD_DA_tran/AD_DA_tran.runs/impl_1/FIFO_to_FFT.bit} [get_hw_devices xc7z020_1]
program_hw_devices [get_hw_devices xc7z020_1]
refresh_hw_device [lindex [get_hw_devices xc7z020_1] 0]
run_hw_ila [get_hw_ilas -of_objects [get_hw_devices xc7z020_1] -filter {CELL_NAME=~"u_ila_2"}]
wait_on_hw_ila [get_hw_ilas -of_objects [get_hw_devices xc7z020_1] -filter {CELL_NAME=~"u_ila_2"}]
display_hw_ila_data [upload_hw_ila_data [get_hw_ilas -of_objects [get_hw_devices xc7z020_1] -filter {CELL_NAME=~"u_ila_2"}]]
run_hw_ila [get_hw_ilas -of_objects [get_hw_devices xc7z020_1] -filter {CELL_NAME=~"u_ila_2"}]
wait_on_hw_ila [get_hw_ilas -of_objects [get_hw_devices xc7z020_1] -filter {CELL_NAME=~"u_ila_2"}]
display_hw_ila_data [upload_hw_ila_data [get_hw_ilas -of_objects [get_hw_devices xc7z020_1] -filter {CELL_NAME=~"u_ila_2"}]]
save_wave_config {F:/FPGA/work_space/AD_DA_tran/AD_DA_tran.hw/hw_1/wave/hw_ila_data_1/hw_ila_data_1.wcfg}
