14:49:45 **** Auto Build of configuration Debug for project Uart_out ****
make pre-build main-build 
a9-linaro-pre-build-step
' '
'Building file: ../src/main.c'
'Invoking: ARM v7 gcc compiler'
arm-none-eabi-gcc -Wall -O0 -g3 -c -fmessage-length=0 -MT"src/main.o" -mcpu=cortex-a9 -mfpu=vfpv3 -mfloat-abi=hard -I../../Uart_out_bsp/ps7_cortexa9_0/include -MMD -MP -MF"src/main.d" -MT"src/main.o" -o "src/main.o" "../src/main.c"
../src/main.c: In function 'read_pl_signals':
../src/main.c:18:25: warning: format '%d' expects argument of type 'int', but argument 2 has type 'u32 {aka long unsigned int}' [-Wformat=]
     printf("{\"voice\":%d,\"music\":%d,\"busy\":%d}\r\n",
                        ~^
                        %ld
../src/main.c:18:38: warning: format '%d' expects argument of type 'int', but argument 3 has type 'u32 {aka long unsigned int}' [-Wformat=]
     printf("{\"voice\":%d,\"music\":%d,\"busy\":%d}\r\n",
                                     ~^
                                     %ld
../src/main.c:18:50: warning: format '%d' expects argument of type 'int', but argument 4 has type 'u32 {aka long unsigned int}' [-Wformat=]
     printf("{\"voice\":%d,\"music\":%d,\"busy\":%d}\r\n",
                                                 ~^
                                                 %ld
'Finished building: ../src/main.c'
' '
'Building target: Uart_out.elf'
'Invoking: ARM v7 gcc linker'
arm-none-eabi-gcc -mcpu=cortex-a9 -mfpu=vfpv3 -mfloat-abi=hard -Wl,-build-id=none -specs=Xilinx.spec -Wl,-T -Wl,../src/lscript.ld -L../../Uart_out_bsp/ps7_cortexa9_0/lib -o "Uart_out.elf"  ./src/main.o   -Wl,--start-group,-lxil,-lgcc,-lc,--end-group
'Finished building target: Uart_out.elf'
' '
'Invoking: ARM v7 Print Size'
arm-none-eabi-size Uart_out.elf  |tee "Uart_out.elf.size"
   text	   data	    bss	    dec	    hex	filename
  79640	   2592	  23376	 105608	  19c88	Uart_out.elf
'Finished building: Uart_out.elf.size'
' '

14:49:46 Build Finished (took 859ms)

